// Jest Snapshot v1, https://goo.gl/fbAQLP

exports[`encoder encode a test doc 1`] = `
Map {
  "MPTitles:8EB79C14-9F61-483A-902F-A0B8EF5973C1" => Object {
    "_id": "MPTitles:8EB79C14-9F61-483A-902F-A0B8EF5973C1",
    "objectType": "MPTitles",
    "runningTitle": undefined,
    "subtitle": undefined,
    "title": "main title",
  },
  "MPContributor:585DB23A-8778-4AFF-986F-CFF7B733CDE6" => Object {
    "ORCIDIdentifier": "",
    "_id": "MPContributor:585DB23A-8778-4AFF-986F-CFF7B733CDE6",
    "affiliations": Array [
      "MPAffiliation:DED56C09-42E2-4AB4-BA15-9260389E2B08",
    ],
    "bibliographicName": Object {
      "_id": "MPBibliographicName:24C5AC82-0130-4C94-A6D7-E8A2699EAAC8",
      "family": "Author",
      "given": "Example",
      "objectType": "MPBibliographicName",
    },
    "corresp": undefined,
    "footnote": undefined,
    "invitationID": "",
    "isCorresponding": undefined,
    "isJointContributor": true,
    "objectType": "MPContributor",
    "priority": undefined,
    "role": "author",
    "userID": "",
  },
  "MPContributor:8AD5903E-0C9C-4F46-87AE-124142CE12C2" => Object {
    "ORCIDIdentifier": "",
    "_id": "MPContributor:8AD5903E-0C9C-4F46-87AE-124142CE12C2",
    "affiliations": Array [],
    "bibliographicName": Object {
      "_id": "MPBibliographicName:E5B649B2-1B97-46FF-AA36-ADDC3B532517",
      "family": "Author",
      "given": "Corresponding",
      "objectType": "MPBibliographicName",
    },
    "corresp": undefined,
    "footnote": undefined,
    "invitationID": "",
    "isCorresponding": 1,
    "isJointContributor": undefined,
    "objectType": "MPContributor",
    "priority": undefined,
    "role": "author",
    "userID": "",
  },
  "MPAffiliation:DED56C09-42E2-4AB4-BA15-9260389E2B08" => Object {
    "_id": "MPAffiliation:DED56C09-42E2-4AB4-BA15-9260389E2B08",
    "addressLine1": "",
    "addressLine2": "",
    "addressLine3": "",
    "city": "",
    "country": "United Kingdom",
    "county": "",
    "department": "Dept of Examples",
    "email": Object {
      "href": "mailto:",
      "text": "mail",
    },
    "institution": "University of Examples",
    "objectType": "MPAffiliation",
    "postCode": "",
    "priority": 1,
  },
  "MPSection:DFCBE345-A12D-451E-8320-723F25D2F472" => Object {
    "_id": "MPSection:DFCBE345-A12D-451E-8320-723F25D2F472",
    "category": "MPSectionCategory:toc",
    "elementIDs": Array [
      "MPTOCElement:657C54DB-78B5-4206-E322-170F68263A01",
    ],
    "objectType": "MPSection",
    "path": Array [
      "MPSection:DFCBE345-A12D-451E-8320-723F25D2F472",
    ],
    "priority": 1,
    "title": "Table of Contents",
  },
  "MPTOCElement:657C54DB-78B5-4206-E322-170F68263A01" => Object {
    "_id": "MPTOCElement:657C54DB-78B5-4206-E322-170F68263A01",
    "contents": "<div xmlns=\\"http://www.w3.org/1999/xhtml\\" id=\\"MPTOCElement:657C54DB-78B5-4206-E322-170F68263A01\\" class=\\"manuscript-toc MPElement MPParagraphStyle_74D17A3A-33C0-43EB-9389-51335C698744\\" contenteditable=\\"false\\">
  
    
    
    
    

	
      
        
        
        <ul class=\\"manuscript-toc-list\\">
      
	
	 
    <li class=\\"manuscript-toc-list-item\\" data-referenced-section=\\"MPSection:DFCBE345-A12D-451E-8320-723F25D2F472\\" data-referenced-section-path-length=\\"1\\">
      1. Table of Contents
    </li>

    

    
    
    

  
    
    
    
    

	
	 
    <li class=\\"manuscript-toc-list-item\\" data-referenced-section=\\"MPSection:77786D47-6060-4FBC-BC13-5FA754968D6A\\" data-referenced-section-path-length=\\"1\\">
      2. First section
    </li>

    

    
    
    

  
    
    
    
    

	
	 
    <li class=\\"manuscript-toc-list-item\\" data-referenced-section=\\"MPSection:F8EE617B-484B-4CF2-F1CA-014F5307D5CF\\" data-referenced-section-path-length=\\"1\\">
      3. Section Two
    </li>

    

    
    
    

  
    
    
    
    

	
	 
    <li class=\\"manuscript-toc-list-item\\" data-referenced-section=\\"MPSection:E07B0D52-9642-4D58-E577-26F8804E3DEE\\" data-referenced-section-path-length=\\"1\\">
      4. Bibliography
    </li>

    

    
    
    
      </ul>
    

  
</div>",
    "elementType": "div",
    "objectType": "MPTOCElement",
    "paragraphStyle": "MPParagraphStyle:74D17A3A-33C0-43EB-9389-51335C698744",
  },
  "MPSection:77786D47-6060-4FBC-BC13-5FA754968D6A" => Object {
    "_id": "MPSection:77786D47-6060-4FBC-BC13-5FA754968D6A",
    "category": undefined,
    "elementIDs": Array [
      "MPParagraphElement:150780D7-CFED-4529-9398-77B5C7625044",
      "MPParagraphElement:60C13548-23C0-4348-FE98-0510E0B61B18",
      "MPParagraphElement:A89DC62A-90ED-4283-AB6D-06CA2519D801",
      "MPParagraphElement:05A0ED43-8928-4C69-A17C-0A98795001CD",
    ],
    "generatedLabel": undefined,
    "label": undefined,
    "objectType": "MPSection",
    "pageBreakStyle": undefined,
    "path": Array [
      "MPSection:77786D47-6060-4FBC-BC13-5FA754968D6A",
    ],
    "priority": 2,
    "title": "First section",
    "titleSuppressed": undefined,
  },
  "MPParagraphElement:150780D7-CFED-4529-9398-77B5C7625044" => Object {
    "_id": "MPParagraphElement:150780D7-CFED-4529-9398-77B5C7625044",
    "contents": "<p xmlns=\\"http://www.w3.org/1999/xhtml\\" id=\\"MPParagraphElement:150780D7-CFED-4529-9398-77B5C7625044\\" class=\\"MPElement MPParagraphStyle_7EAB5784-717B-4672-BD59-8CA324FB0637\\" data-object-type=\\"MPParagraphElement\\" data-placeholder-text=\\"Start from here. Enjoy writing! - the Manuscripts Team.\\">The first section.</p>",
    "elementType": "p",
    "objectType": "MPParagraphElement",
    "paragraphStyle": "MPParagraphStyle:7EAB5784-717B-4672-BD59-8CA324FB0637",
    "placeholderInnerHTML": "Start from here. Enjoy writing! - the Manuscripts Team.",
  },
  "MPParagraphElement:60C13548-23C0-4348-FE98-0510E0B61B18" => Object {
    "_id": "MPParagraphElement:60C13548-23C0-4348-FE98-0510E0B61B18",
    "contents": "<p xmlns=\\"http://www.w3.org/1999/xhtml\\" id=\\"MPParagraphElement:60C13548-23C0-4348-FE98-0510E0B61B18\\" class=\\"MPElement MPParagraphStyle_7EAB5784-717B-4672-BD59-8CA324FB0637\\" data-object-type=\\"MPParagraphElement\\">The text in this sentence is <b>bold</b>, <i>italic</i>, or <u>underlined</u>.</p>",
    "elementType": "p",
    "objectType": "MPParagraphElement",
    "paragraphStyle": "MPParagraphStyle:7EAB5784-717B-4672-BD59-8CA324FB0637",
    "placeholderInnerHTML": "",
  },
  "MPParagraphElement:A89DC62A-90ED-4283-AB6D-06CA2519D801" => Object {
    "_id": "MPParagraphElement:A89DC62A-90ED-4283-AB6D-06CA2519D801",
    "contents": "<p xmlns=\\"http://www.w3.org/1999/xhtml\\" id=\\"MPParagraphElement:A89DC62A-90ED-4283-AB6D-06CA2519D801\\" class=\\"MPElement MPParagraphStyle_7EAB5784-717B-4672-BD59-8CA324FB0637\\" data-object-type=\\"MPParagraphElement\\"><b><i><u>The text in this sentence is bold, italic and underlined.</u></i></b></p>",
    "elementType": "p",
    "objectType": "MPParagraphElement",
    "paragraphStyle": "MPParagraphStyle:7EAB5784-717B-4672-BD59-8CA324FB0637",
    "placeholderInnerHTML": "",
  },
  "MPParagraphElement:05A0ED43-8928-4C69-A17C-0A98795001CD" => Object {
    "_id": "MPParagraphElement:05A0ED43-8928-4C69-A17C-0A98795001CD",
    "contents": "<p xmlns=\\"http://www.w3.org/1999/xhtml\\" id=\\"MPParagraphElement:05A0ED43-8928-4C69-A17C-0A98795001CD\\" class=\\"MPElement MPParagraphStyle_7EAB5784-717B-4672-BD59-8CA324FB0637\\" data-object-type=\\"MPParagraphElement\\">The text in this sentence is <sup>superscript</sup> and <sub>subscript</sub>.</p>",
    "elementType": "p",
    "objectType": "MPParagraphElement",
    "paragraphStyle": "MPParagraphStyle:7EAB5784-717B-4672-BD59-8CA324FB0637",
    "placeholderInnerHTML": "",
  },
  "MPSection:F8EE617B-484B-4CF2-F1CA-014F5307D5CF" => Object {
    "_id": "MPSection:F8EE617B-484B-4CF2-F1CA-014F5307D5CF",
    "category": undefined,
    "elementIDs": Array [
      "MPParagraphElement:4DF93A63-D44D-41CF-AF54-23712B8703FA",
      "MPListElement:D1C6E3B5-C549-47B8-B051-1F534E8AA7E7",
      "MPListElement:F11B9FCA-5DB5-4ED4-FEF9-10CDCB64F96E",
      "MPListElement:AF5341C4-5E24-40BF-B853-F966726431EB",
      "MPFigureElement:A5D68C57-B5BB-4D10-E0C3-ECED717A2AA7",
      "MPFigureElement:B32BDEC8-E816-4946-C0BB-0404AF2F0C29",
      "MPTableElement:82BD8BAF-D136-4536-AD9C-92C30B9D7315",
      "MPTableElement:E0D445B4-18C4-43D3-97B3-1076A7BB5CF4",
      "MPTableElement:1DF69096-DBA3-47B0-B8C2-E06491E4C655",
      "MPTableElement:89CF51B2-A20C-4AB9-CBD9-F47DAF167DAA",
      "MPEquationElement:3896A81A-D43B-483F-B990-F64518A940D1",
      "MPListingElement:160785A9-4BC0-4C55-C4DE-AF5F4D858DCE",
      "MPParagraphElement:345B8B57-2E5E-45ED-E587-4EAAC2BD63E9",
      "MPParagraphElement:6B6DBF43-F7B2-404C-89DD-0EC1E1442B27",
      "MPParagraphElement:41B99DAB-F86C-477F-D36C-2B8590B5DAD0",
      "MPParagraphElement:C8A173A4-DF32-4242-E800-28A1AE5B48B8",
      "MPParagraphElement:CB7347E5-8502-4667-82B9-51104BB1FEDB",
      "MPParagraphElement:3708E8C7-441C-4502-8BFC-D3A2059CEF8B",
      "MPFootnotesElement:4CD7CE08-0880-46BD-FF83-52E32AEFAC3E",
    ],
    "generatedLabel": undefined,
    "label": undefined,
    "objectType": "MPSection",
    "pageBreakStyle": undefined,
    "path": Array [
      "MPSection:F8EE617B-484B-4CF2-F1CA-014F5307D5CF",
    ],
    "priority": 3,
    "title": "Section Two",
    "titleSuppressed": true,
  },
  "MPParagraphElement:4DF93A63-D44D-41CF-AF54-23712B8703FA" => Object {
    "_id": "MPParagraphElement:4DF93A63-D44D-41CF-AF54-23712B8703FA",
    "contents": "<p xmlns=\\"http://www.w3.org/1999/xhtml\\" id=\\"MPParagraphElement:4DF93A63-D44D-41CF-AF54-23712B8703FA\\" class=\\"MPElement MPParagraphStyle_7EAB5784-717B-4672-BD59-8CA324FB0637\\" data-object-type=\\"MPParagraphElement\\">The heading of this section is hidden.</p>",
    "elementType": "p",
    "objectType": "MPParagraphElement",
    "paragraphStyle": "MPParagraphStyle:7EAB5784-717B-4672-BD59-8CA324FB0637",
    "placeholderInnerHTML": "",
  },
  "MPListElement:D1C6E3B5-C549-47B8-B051-1F534E8AA7E7" => Object {
    "_id": "MPListElement:D1C6E3B5-C549-47B8-B051-1F534E8AA7E7",
    "contents": "<ol xmlns=\\"http://www.w3.org/1999/xhtml\\" id=\\"MPListElement:D1C6E3B5-C549-47B8-B051-1F534E8AA7E7\\" class=\\"MPElement MPParagraphStyle_7EAB5784-717B-4672-BD59-8CA324FB0637\\" data-object-type=\\"MPListElement\\"><li data-placeholder-text=\\"List item\\">A numbered list.</li></ol>",
    "elementType": "ol",
    "listStyleType": null,
    "objectType": "MPListElement",
    "paragraphStyle": "MPParagraphStyle:7EAB5784-717B-4672-BD59-8CA324FB0637",
  },
  "MPListElement:F11B9FCA-5DB5-4ED4-FEF9-10CDCB64F96E" => Object {
    "_id": "MPListElement:F11B9FCA-5DB5-4ED4-FEF9-10CDCB64F96E",
    "contents": "<ul xmlns=\\"http://www.w3.org/1999/xhtml\\" id=\\"MPListElement:F11B9FCA-5DB5-4ED4-FEF9-10CDCB64F96E\\" class=\\"MPElement MPParagraphStyle_7EAB5784-717B-4672-BD59-8CA324FB0637\\" data-object-type=\\"MPListElement\\"><li data-placeholder-text=\\"List item\\">A bullet list.</li></ul>",
    "elementType": "ul",
    "objectType": "MPListElement",
    "paragraphStyle": "MPParagraphStyle:7EAB5784-717B-4672-BD59-8CA324FB0637",
  },
  "MPListElement:AF5341C4-5E24-40BF-B853-F966726431EB" => Object {
    "_id": "MPListElement:AF5341C4-5E24-40BF-B853-F966726431EB",
    "contents": "<ol xmlns=\\"http://www.w3.org/1999/xhtml\\" id=\\"MPListElement:AF5341C4-5E24-40BF-B853-F966726431EB\\" class=\\"MPElement MPParagraphStyle_7EAB5784-717B-4672-BD59-8CA324FB0637\\" data-object-type=\\"MPListElement\\"><li data-placeholder-text=\\"List item\\">A numbered list with a nested list.<ol><li data-placeholder-text=\\"List item\\">This item is nested.</li></ol></li></ol>",
    "elementType": "ol",
    "listStyleType": null,
    "objectType": "MPListElement",
    "paragraphStyle": "MPParagraphStyle:7EAB5784-717B-4672-BD59-8CA324FB0637",
  },
  "MPFigureElement:A5D68C57-B5BB-4D10-E0C3-ECED717A2AA7" => Object {
    "_id": "MPFigureElement:A5D68C57-B5BB-4D10-E0C3-ECED717A2AA7",
    "alignment": undefined,
    "alternatives": undefined,
    "attribution": undefined,
    "caption": "<p class=\\"caption-description\\" data-placeholder-text=\\"Caption...\\" contenteditable=\\"true\\">A figure with a caption</p>",
    "containedObjectIDs": Array [
      "MPFigure:D673DF08-D75E-4061-8EC1-9611EAB302F0",
    ],
    "elementType": "figure",
    "figureLayout": undefined,
    "figureStyle": "MPFigureStyle:12916784-C8A2-414E-919D-490172E82B25",
    "label": "",
    "listingID": undefined,
    "objectType": "MPFigureElement",
    "sizeFraction": undefined,
    "suppressCaption": undefined,
    "suppressTitle": undefined,
    "title": undefined,
  },
  "MPFigure:D673DF08-D75E-4061-8EC1-9611EAB302F0" => Object {
    "_id": "MPFigure:D673DF08-D75E-4061-8EC1-9611EAB302F0",
    "contentType": "image/png",
    "objectType": "MPFigure",
    "position": undefined,
    "src": "chemoji/chemoji8.png",
  },
  "MPFigureElement:B32BDEC8-E816-4946-C0BB-0404AF2F0C29" => Object {
    "_id": "MPFigureElement:B32BDEC8-E816-4946-C0BB-0404AF2F0C29",
    "alignment": undefined,
    "alternatives": undefined,
    "attribution": undefined,
    "caption": "<p class=\\"caption-description\\" data-placeholder-text=\\"Caption...\\" contenteditable=\\"true\\">A figure with hidden caption</p>",
    "containedObjectIDs": Array [
      "MPFigure:AD65D628-A904-4DC4-A026-F8F4C08F6557",
    ],
    "elementType": "figure",
    "figureLayout": undefined,
    "figureStyle": "MPFigureStyle:12916784-C8A2-414E-919D-490172E82B25",
    "label": "",
    "listingID": undefined,
    "objectType": "MPFigureElement",
    "sizeFraction": undefined,
    "suppressCaption": true,
    "suppressTitle": undefined,
    "title": undefined,
  },
  "MPFigure:AD65D628-A904-4DC4-A026-F8F4C08F6557" => Object {
    "_id": "MPFigure:AD65D628-A904-4DC4-A026-F8F4C08F6557",
    "contentType": "image/png",
    "objectType": "MPFigure",
    "position": undefined,
    "src": "chemoji/chemoji7.png",
  },
  "MPTableElement:82BD8BAF-D136-4536-AD9C-92C30B9D7315" => Object {
    "_id": "MPTableElement:82BD8BAF-D136-4536-AD9C-92C30B9D7315",
    "caption": "A table",
    "containedObjectID": "MPTable:509A944E-994C-4867-AE55-593628C5DBD5",
    "elementType": "table",
    "listingID": undefined,
    "objectType": "MPTableElement",
    "paragraphStyle": "MPParagraphStyle:7EAB5784-717B-4672-BD59-8CA324FB0637",
    "suppressCaption": undefined,
    "suppressFooter": undefined,
    "suppressHeader": undefined,
    "suppressTitle": undefined,
    "tableElementFooterID": undefined,
    "tableStyle": "MPTableStyle:08C0E93B-848D-491F-8EB2-A8A0B17714BA",
    "title": undefined,
  },
  "MPTable:509A944E-994C-4867-AE55-593628C5DBD5" => Object {
    "_id": "MPTable:509A944E-994C-4867-AE55-593628C5DBD5",
    "contents": "<table xmlns=\\"http://www.w3.org/1999/xhtml\\" id=\\"MPTableElement:82BD8BAF-D136-4536-AD9C-92C30B9D7315\\" class=\\"MPElement MPTableStyle_08C0E93B-848D-491F-8EB2-A8A0B17714BA MPParagraphStyle_7EAB5784-717B-4672-BD59-8CA324FB0637\\" data-contained-object-id=\\"MPTable:509A944E-994C-4867-AE55-593628C5DBD5\\"><thead style=\\"display: table-header-group;\\"><tr><th data-placeholder-text=\\"Header 1\\">Table Header</th><th data-placeholder-text=\\"Header 2\\">Table Header</th></tr></thead><tbody><tr><td data-placeholder-text=\\"Data\\">Table Data</td><td data-placeholder-text=\\"Data\\">Table Data</td></tr><tr><td data-placeholder-text=\\"Data\\">Table Data</td><td data-placeholder-text=\\"Data\\">Table Data</td></tr></tbody><tfoot style=\\"display: table-footer-group;\\"><tr><td data-placeholder-text=\\"Footer 1\\">Table Footer</td><td data-placeholder-text=\\"Footer 2\\">Table Footer</td></tr></tfoot></table>",
    "listingAttachment": undefined,
    "objectType": "MPTable",
  },
  "MPTableElement:E0D445B4-18C4-43D3-97B3-1076A7BB5CF4" => Object {
    "_id": "MPTableElement:E0D445B4-18C4-43D3-97B3-1076A7BB5CF4",
    "caption": "A table with hidden header",
    "containedObjectID": "MPTable:7E83812B-A759-4D38-C1C5-F6507D2FC2A9",
    "elementType": "table",
    "listingID": undefined,
    "objectType": "MPTableElement",
    "paragraphStyle": "MPParagraphStyle:7EAB5784-717B-4672-BD59-8CA324FB0637",
    "suppressCaption": undefined,
    "suppressFooter": undefined,
    "suppressHeader": true,
    "suppressTitle": undefined,
    "tableElementFooterID": undefined,
    "tableStyle": "MPTableStyle:08C0E93B-848D-491F-8EB2-A8A0B17714BA",
    "title": undefined,
  },
  "MPTable:7E83812B-A759-4D38-C1C5-F6507D2FC2A9" => Object {
    "_id": "MPTable:7E83812B-A759-4D38-C1C5-F6507D2FC2A9",
    "contents": "<table xmlns=\\"http://www.w3.org/1999/xhtml\\" id=\\"MPTableElement:E0D445B4-18C4-43D3-97B3-1076A7BB5CF4\\" class=\\"MPElement MPTableStyle_08C0E93B-848D-491F-8EB2-A8A0B17714BA MPParagraphStyle_7EAB5784-717B-4672-BD59-8CA324FB0637\\" data-contained-object-id=\\"MPTable:7E83812B-A759-4D38-C1C5-F6507D2FC2A9\\"><thead style=\\"display: none;\\"><tr><th data-placeholder-text=\\"Header 1\\">Table Header</th><th data-placeholder-text=\\"Header 2\\" class=\\"placeholder\\"></th></tr></thead><tbody><tr><td data-placeholder-text=\\"Data\\" class=\\"placeholder\\"></td><td data-placeholder-text=\\"Data\\" class=\\"placeholder\\"></td></tr><tr><td data-placeholder-text=\\"Data\\" class=\\"placeholder\\"></td><td data-placeholder-text=\\"Data\\" class=\\"placeholder\\"></td></tr></tbody><tfoot style=\\"display: table-footer-group;\\"><tr><td data-placeholder-text=\\"Footer 1\\" class=\\"placeholder\\"></td><td data-placeholder-text=\\"Footer 2\\" class=\\"placeholder\\"></td></tr></tfoot></table>",
    "listingAttachment": undefined,
    "objectType": "MPTable",
  },
  "MPTableElement:1DF69096-DBA3-47B0-B8C2-E06491E4C655" => Object {
    "_id": "MPTableElement:1DF69096-DBA3-47B0-B8C2-E06491E4C655",
    "caption": "A table with hidden footer",
    "containedObjectID": "MPTable:2A2413E2-71F5-4B6C-F513-7B44748E49A8",
    "elementType": "table",
    "listingID": undefined,
    "objectType": "MPTableElement",
    "paragraphStyle": "MPParagraphStyle:7EAB5784-717B-4672-BD59-8CA324FB0637",
    "suppressCaption": undefined,
    "suppressFooter": true,
    "suppressHeader": undefined,
    "suppressTitle": undefined,
    "tableElementFooterID": undefined,
    "tableStyle": "MPTableStyle:08C0E93B-848D-491F-8EB2-A8A0B17714BA",
    "title": undefined,
  },
  "MPTable:2A2413E2-71F5-4B6C-F513-7B44748E49A8" => Object {
    "_id": "MPTable:2A2413E2-71F5-4B6C-F513-7B44748E49A8",
    "contents": "<table xmlns=\\"http://www.w3.org/1999/xhtml\\" id=\\"MPTableElement:1DF69096-DBA3-47B0-B8C2-E06491E4C655\\" class=\\"MPElement MPTableStyle_08C0E93B-848D-491F-8EB2-A8A0B17714BA MPParagraphStyle_7EAB5784-717B-4672-BD59-8CA324FB0637\\" data-contained-object-id=\\"MPTable:2A2413E2-71F5-4B6C-F513-7B44748E49A8\\"><thead style=\\"display: table-header-group;\\"><tr><th data-placeholder-text=\\"Header 1\\" class=\\"placeholder\\"></th><th data-placeholder-text=\\"Header 2\\" class=\\"placeholder\\"></th></tr></thead><tbody><tr><td data-placeholder-text=\\"Data\\" class=\\"placeholder\\"></td><td data-placeholder-text=\\"Data\\" class=\\"placeholder\\"></td></tr><tr><td data-placeholder-text=\\"Data\\" class=\\"placeholder\\"></td><td data-placeholder-text=\\"Data\\" class=\\"placeholder\\"></td></tr></tbody><tfoot style=\\"display: none;\\"><tr><td data-placeholder-text=\\"Footer 1\\" class=\\"placeholder\\"></td><td data-placeholder-text=\\"Footer 2\\" class=\\"placeholder\\"></td></tr></tfoot></table>",
    "listingAttachment": undefined,
    "objectType": "MPTable",
  },
  "MPTableElement:89CF51B2-A20C-4AB9-CBD9-F47DAF167DAA" => Object {
    "_id": "MPTableElement:89CF51B2-A20C-4AB9-CBD9-F47DAF167DAA",
    "caption": "A table with hidden caption",
    "containedObjectID": "MPTable:6C045963-404A-4E1E-FF81-B40E9772A6A6",
    "elementType": "table",
    "listingID": undefined,
    "objectType": "MPTableElement",
    "paragraphStyle": "MPParagraphStyle:7EAB5784-717B-4672-BD59-8CA324FB0637",
    "suppressCaption": undefined,
    "suppressFooter": undefined,
    "suppressHeader": undefined,
    "suppressTitle": undefined,
    "tableElementFooterID": undefined,
    "tableStyle": "MPTableStyle:08C0E93B-848D-491F-8EB2-A8A0B17714BA",
    "title": undefined,
  },
  "MPTable:6C045963-404A-4E1E-FF81-B40E9772A6A6" => Object {
    "_id": "MPTable:6C045963-404A-4E1E-FF81-B40E9772A6A6",
    "contents": "<table xmlns=\\"http://www.w3.org/1999/xhtml\\" id=\\"MPTableElement:89CF51B2-A20C-4AB9-CBD9-F47DAF167DAA\\" class=\\"MPElement MPTableStyle_08C0E93B-848D-491F-8EB2-A8A0B17714BA MPParagraphStyle_7EAB5784-717B-4672-BD59-8CA324FB0637\\" data-contained-object-id=\\"MPTable:6C045963-404A-4E1E-FF81-B40E9772A6A6\\"><thead style=\\"display: table-header-group;\\"><tr><th data-placeholder-text=\\"Header 1\\" class=\\"placeholder\\"></th><th data-placeholder-text=\\"Header 2\\" class=\\"placeholder\\"></th></tr></thead><tbody><tr><td data-placeholder-text=\\"Data\\" class=\\"placeholder\\"></td><td data-placeholder-text=\\"Data\\" class=\\"placeholder\\"></td></tr><tr><td data-placeholder-text=\\"Data\\" class=\\"placeholder\\"></td><td data-placeholder-text=\\"Data\\" class=\\"placeholder\\"></td></tr></tbody><tfoot style=\\"display: table-footer-group;\\"><tr><td data-placeholder-text=\\"Footer 1\\" class=\\"placeholder\\"></td><td data-placeholder-text=\\"Footer 2\\" class=\\"placeholder\\"></td></tr></tfoot></table>",
    "listingAttachment": undefined,
    "objectType": "MPTable",
  },
  "MPEquationElement:3896A81A-D43B-483F-B990-F64518A940D1" => Object {
    "_id": "MPEquationElement:3896A81A-D43B-483F-B990-F64518A940D1",
    "containedObjectID": "MPEquation:C900DDA4-BE45-4AF6-8C9F-CA0AA5FCC403",
    "elementType": "div",
    "label": "Equation 1",
    "objectType": "MPEquationElement",
  },
  "MPEquation:C900DDA4-BE45-4AF6-8C9F-CA0AA5FCC403" => Object {
    "_id": "MPEquation:C900DDA4-BE45-4AF6-8C9F-CA0AA5FCC403",
    "contents": "<mml:math xmlns:mml=\\"http://www.w3.org/1998/Math/MathML\\"><mml:mi>ρ</mml:mi><mml:mi>ρ</mml:mi></mml:math>",
    "format": "mathml",
    "objectType": "MPEquation",
  },
  "MPListingElement:160785A9-4BC0-4C55-C4DE-AF5F4D858DCE" => Object {
    "_id": "MPListingElement:160785A9-4BC0-4C55-C4DE-AF5F4D858DCE",
    "caption": "",
    "containedObjectID": "MPListing:4D688DCF-29CD-40CC-93BD-2B13CD883257",
    "elementType": "figure",
    "objectType": "MPListingElement",
    "suppressCaption": false,
    "suppressTitle": undefined,
    "title": undefined,
  },
  "MPListing:4D688DCF-29CD-40CC-93BD-2B13CD883257" => Object {
    "_id": "MPListing:4D688DCF-29CD-40CC-93BD-2B13CD883257",
    "contents": "// a JavaScript code block

const x = 'y'",
    "language": "JavaScript",
    "languageKey": "javascript",
    "objectType": "MPListing",
  },
  "MPParagraphElement:345B8B57-2E5E-45ED-E587-4EAAC2BD63E9" => Object {
    "_id": "MPParagraphElement:345B8B57-2E5E-45ED-E587-4EAAC2BD63E9",
    "contents": "<p xmlns=\\"http://www.w3.org/1999/xhtml\\" id=\\"MPParagraphElement:345B8B57-2E5E-45ED-E587-4EAAC2BD63E9\\" class=\\"MPElement MPParagraphStyle_7EAB5784-717B-4672-BD59-8CA324FB0637\\" data-object-type=\\"MPParagraphElement\\">An inline equation: <span id=\\"inline-formula-1\\" class=\\"MPInlineMathFragment\\" data-equation-format=\\"mathml\\"><mml:math xmlns:mml=\\"http://www.w3.org/1998/Math/MathML\\"><mml:mi>ρ</mml:mi><mml:mi>ρ</mml:mi></mml:math></span></p>",
    "elementType": "p",
    "objectType": "MPParagraphElement",
    "paragraphStyle": "MPParagraphStyle:7EAB5784-717B-4672-BD59-8CA324FB0637",
    "placeholderInnerHTML": "",
  },
  "MPParagraphElement:6B6DBF43-F7B2-404C-89DD-0EC1E1442B27" => Object {
    "_id": "MPParagraphElement:6B6DBF43-F7B2-404C-89DD-0EC1E1442B27",
    "contents": "<p xmlns=\\"http://www.w3.org/1999/xhtml\\" id=\\"MPParagraphElement:6B6DBF43-F7B2-404C-89DD-0EC1E1442B27\\" class=\\"MPElement MPParagraphStyle_7EAB5784-717B-4672-BD59-8CA324FB0637\\" data-object-type=\\"MPParagraphElement\\">A cross-reference to a figure: <span class=\\"cross-reference\\" data-reference-id=\\"MPFigureElement:A5D68C57-B5BB-4D10-E0C3-ECED717A2AA7\\"><span class=\\"kind elementIndex\\"><b>Figure 1</b></span></span></p>",
    "elementType": "p",
    "objectType": "MPParagraphElement",
    "paragraphStyle": "MPParagraphStyle:7EAB5784-717B-4672-BD59-8CA324FB0637",
    "placeholderInnerHTML": "",
  },
  "MPParagraphElement:41B99DAB-F86C-477F-D36C-2B8590B5DAD0" => Object {
    "_id": "MPParagraphElement:41B99DAB-F86C-477F-D36C-2B8590B5DAD0",
    "contents": "<p xmlns=\\"http://www.w3.org/1999/xhtml\\" id=\\"MPParagraphElement:41B99DAB-F86C-477F-D36C-2B8590B5DAD0\\" class=\\"MPElement MPParagraphStyle_7EAB5784-717B-4672-BD59-8CA324FB0637\\" data-object-type=\\"MPParagraphElement\\">A cross-reference to a table: <span class=\\"cross-reference\\" data-reference-id=\\"MPTable:509A944E-994C-4867-AE55-593628C5DBD5\\"><span class=\\"kind elementIndex\\"><b>Table 1</b></span></span></p>",
    "elementType": "p",
    "objectType": "MPParagraphElement",
    "paragraphStyle": "MPParagraphStyle:7EAB5784-717B-4672-BD59-8CA324FB0637",
    "placeholderInnerHTML": "",
  },
  "MPParagraphElement:C8A173A4-DF32-4242-E800-28A1AE5B48B8" => Object {
    "_id": "MPParagraphElement:C8A173A4-DF32-4242-E800-28A1AE5B48B8",
    "contents": "<p xmlns=\\"http://www.w3.org/1999/xhtml\\" id=\\"MPParagraphElement:C8A173A4-DF32-4242-E800-28A1AE5B48B8\\" class=\\"MPElement MPParagraphStyle_7EAB5784-717B-4672-BD59-8CA324FB0637\\" data-object-type=\\"MPParagraphElement\\">A cross-reference to an equation: <span class=\\"cross-reference\\" data-reference-id=\\"MPEquation:C900DDA4-BE45-4AF6-8C9F-CA0AA5FCC403\\"><span class=\\"kind elementIndex\\"><b>Equation 1</b></span></span></p>",
    "elementType": "p",
    "objectType": "MPParagraphElement",
    "paragraphStyle": "MPParagraphStyle:7EAB5784-717B-4672-BD59-8CA324FB0637",
    "placeholderInnerHTML": "",
  },
  "MPParagraphElement:CB7347E5-8502-4667-82B9-51104BB1FEDB" => Object {
    "_id": "MPParagraphElement:CB7347E5-8502-4667-82B9-51104BB1FEDB",
    "contents": "<p xmlns=\\"http://www.w3.org/1999/xhtml\\" id=\\"MPParagraphElement:CB7347E5-8502-4667-82B9-51104BB1FEDB\\" class=\\"MPElement MPParagraphStyle_7EAB5784-717B-4672-BD59-8CA324FB0637\\" data-object-type=\\"MPParagraphElement\\"><span class=\\"citation\\" data-id=\\"MPCitation:C1BA9478-E940-4273-CB5C-0DDCD62CFBF2\\" data-reference-id=\\"MPBibliographyItem:8C394C86-F7B0-48CE-D5BC-E7A10FCE7FA5\\">A hyperlink</span></p>",
    "elementType": "p",
    "objectType": "MPParagraphElement",
    "paragraphStyle": "MPParagraphStyle:7EAB5784-717B-4672-BD59-8CA324FB0637",
    "placeholderInnerHTML": "",
  },
  "MPParagraphElement:3708E8C7-441C-4502-8BFC-D3A2059CEF8B" => Object {
    "_id": "MPParagraphElement:3708E8C7-441C-4502-8BFC-D3A2059CEF8B",
    "contents": "<p xmlns=\\"http://www.w3.org/1999/xhtml\\" id=\\"MPParagraphElement:3708E8C7-441C-4502-8BFC-D3A2059CEF8B\\" class=\\"MPElement MPParagraphStyle_7EAB5784-717B-4672-BD59-8CA324FB0637\\" data-object-type=\\"MPParagraphElement\\">A footnote:<span class=\\"footnote\\" data-reference-id=\\"MPFootnote:B1589279-0F3B-472B-BF11-3F59D6B65791\\">1</span></p>",
    "elementType": "p",
    "objectType": "MPParagraphElement",
    "paragraphStyle": "MPParagraphStyle:7EAB5784-717B-4672-BD59-8CA324FB0637",
    "placeholderInnerHTML": "",
  },
  "MPFootnotesElement:4CD7CE08-0880-46BD-FF83-52E32AEFAC3E" => Object {
    "_id": "MPFootnotesElement:4CD7CE08-0880-46BD-FF83-52E32AEFAC3E",
    "contents": "<div></div>",
    "elementType": "div",
    "objectType": "MPFootnotesElement",
    "paragraphStyle": "MPParagraphStyle:76353811-8E1D-4D11-A1B5-C960C9EEEFCD",
  },
  "MPFootnote:B1589279-0F3B-472B-BF11-3F59D6B65791" => Object {
    "_id": "MPFootnote:B1589279-0F3B-472B-BF11-3F59D6B65791",
    "containingObject": "MPFootnotesElement:4CD7CE08-0880-46BD-FF83-52E32AEFAC3E",
    "contents": "<div xmlns=\\"http://www.w3.org/1999/xhtml\\" class=\\"footnote-text\\" id=\\"MPFootnote:B1589279-0F3B-472B-BF11-3F59D6B65791\\" data-kind=\\"footnote\\"><p>This is a footnote.</p></div>",
    "kind": "footnote",
    "objectType": "MPFootnote",
  },
  "MPSection:E07B0D52-9642-4D58-E577-26F8804E3DEE" => Object {
    "_id": "MPSection:E07B0D52-9642-4D58-E577-26F8804E3DEE",
    "category": "MPSectionCategory:bibliography",
    "elementIDs": Array [
      "MPBibliographyElement:5987B3BA-D894-4700-90D6-114E20B9F3B1",
    ],
    "objectType": "MPSection",
    "path": Array [
      "MPSection:E07B0D52-9642-4D58-E577-26F8804E3DEE",
    ],
    "priority": 4,
    "title": "Bibliography",
  },
  "MPBibliographyElement:5987B3BA-D894-4700-90D6-114E20B9F3B1" => Object {
    "_id": "MPBibliographyElement:5987B3BA-D894-4700-90D6-114E20B9F3B1",
    "containedObjectIDs": Array [
      "MPBibliographyItem:8C394C86-F7B0-48CE-D5BC-E7A10FCE7FA5",
    ],
    "contents": "",
    "elementType": "div",
    "objectType": "MPBibliographyElement",
    "paragraphStyle": "MPParagraphStyle:7EAB5784-717B-4672-BD59-8CA324FB0637",
  },
  "MPBibliographyItem:8C394C86-F7B0-48CE-D5BC-E7A10FCE7FA5" => Object {
    "_id": "MPBibliographyItem:8C394C86-F7B0-48CE-D5BC-E7A10FCE7FA5",
    "objectType": "MPBibliographyItem",
    "title": "A hyperlink",
    "type": undefined,
  },
  "MPElementsOrder:1" => Object {
    "_id": "MPElementsOrder:1",
    "elementType": "MPFigureElement",
    "elements": Array [
      "MPFigureElement:A5D68C57-B5BB-4D10-E0C3-ECED717A2AA7",
      "MPFigureElement:B32BDEC8-E816-4946-C0BB-0404AF2F0C29",
    ],
    "objectType": "MPElementsOrder",
  },
  "MPElementsOrder:2" => Object {
    "_id": "MPElementsOrder:2",
    "elementType": "MPTableElement",
    "elements": Array [
      "MPTableElement:82BD8BAF-D136-4536-AD9C-92C30B9D7315",
      "MPTableElement:E0D445B4-18C4-43D3-97B3-1076A7BB5CF4",
      "MPTableElement:1DF69096-DBA3-47B0-B8C2-E06491E4C655",
      "MPTableElement:89CF51B2-A20C-4AB9-CBD9-F47DAF167DAA",
    ],
    "objectType": "MPElementsOrder",
  },
  "MPElementsOrder:3" => Object {
    "_id": "MPElementsOrder:3",
    "elementType": "MPEquationElement",
    "elements": Array [
      "MPEquationElement:3896A81A-D43B-483F-B990-F64518A940D1",
    ],
    "objectType": "MPElementsOrder",
  },
  "MPElementsOrder:4" => Object {
    "_id": "MPElementsOrder:4",
    "elementType": "MPListingElement",
    "elements": Array [
      "MPListingElement:160785A9-4BC0-4C55-C4DE-AF5F4D858DCE",
    ],
    "objectType": "MPElementsOrder",
  },
}
`;

exports[`encoder encode highlight markers 1`] = `
Map {
  "MPCommentAnnotation:test" => Object {
    "_id": "MPCommentAnnotation:test",
    "contents": "Test Comment",
    "contributions": Array [],
    "objectType": "MPCommentAnnotation",
    "originalText": "",
    "resolved": false,
    "selector": Object {
      "from": 166,
      "to": 175,
    },
    "target": "MPParagraphElement:1",
  },
  "MPCommentAnnotation:test1" => Object {
    "_id": "MPCommentAnnotation:test1",
    "contents": "",
    "contributions": Array [],
    "objectType": "MPCommentAnnotation",
    "originalText": "",
    "resolved": false,
    "selector": undefined,
    "target": "MPFigureElement:1",
  },
  "MPCommentAnnotation:test2" => Object {
    "_id": "MPCommentAnnotation:test2",
    "contents": "",
    "contributions": Array [],
    "objectType": "MPCommentAnnotation",
    "originalText": "",
    "resolved": false,
    "selector": Object {
      "from": 23,
      "to": 32,
    },
    "target": "MPSection:1",
  },
  "MPTitles:1" => Object {
    "_id": "MPTitles:1",
    "objectType": "MPTitles",
    "runningTitle": undefined,
    "subtitle": undefined,
    "title": "main title",
  },
  "MPSection:1" => Object {
    "_id": "MPSection:1",
    "category": undefined,
    "elementIDs": Array [
      "MPParagraphElement:1",
      "MPFigureElement:1",
    ],
    "generatedLabel": true,
    "label": undefined,
    "objectType": "MPSection",
    "pageBreakStyle": undefined,
    "path": Array [
      "MPSection:1",
    ],
    "priority": 1,
    "title": "A section title with a highlight",
    "titleSuppressed": undefined,
  },
  "MPParagraphElement:1" => Object {
    "_id": "MPParagraphElement:1",
    "contents": "<p xmlns=\\"http://www.w3.org/1999/xhtml\\" id=\\"MPParagraphElement:1\\" class=\\"MPElement MPParagraphStyle_1\\" data-object-type=\\"MPParagraphElement\\">This sentence contains a highlight.</p>",
    "elementType": "p",
    "objectType": "MPParagraphElement",
    "paragraphStyle": "MPParagraphStyle:1",
    "placeholderInnerHTML": "",
  },
  "MPFigureElement:1" => Object {
    "_id": "MPFigureElement:1",
    "alignment": undefined,
    "alternatives": undefined,
    "attribution": undefined,
    "caption": "<p class=\\"caption-description\\" data-placeholder-text=\\"Caption...\\" contenteditable=\\"true\\">A figure with a caption</p>",
    "containedObjectIDs": Array [
      "MPFigure:1",
    ],
    "elementType": "figure",
    "figureLayout": undefined,
    "figureStyle": "MPFigureStyle:1",
    "label": "",
    "listingID": undefined,
    "objectType": "MPFigureElement",
    "sizeFraction": undefined,
    "suppressCaption": undefined,
    "suppressTitle": undefined,
    "title": undefined,
  },
  "MPFigure:1" => Object {
    "_id": "MPFigure:1",
    "contentType": undefined,
    "objectType": "MPFigure",
    "position": undefined,
    "src": undefined,
  },
  "MPElementsOrder:1" => Object {
    "_id": "MPElementsOrder:1",
    "elementType": "MPFigureElement",
    "elements": Array [
      "MPFigureElement:1",
    ],
    "objectType": "MPElementsOrder",
  },
}
`;

exports[`encoder encode keywords element 1`] = `
Map {
  "MPTitles:1" => Object {
    "_id": "MPTitles:1",
    "objectType": "MPTitles",
    "runningTitle": undefined,
    "subtitle": undefined,
    "title": "main title",
  },
  "MPKeywordsElement:1" => Object {
    "_id": "MPKeywordsElement:1",
    "contents": "<div></div>",
    "elementType": "div",
    "objectType": "MPKeywordsElement",
    "paragraphStyle": "MPParagraphStyle:1",
  },
  "MPKeywordGroup:test" => Object {
    "_id": "MPKeywordGroup:test",
    "objectType": "MPKeywordGroup",
    "type": "author",
  },
  "MPKeyword:1" => Object {
    "_id": "MPKeyword:1",
    "containedGroup": "MPKeywordGroup:test",
    "name": "test",
    "objectType": "MPKeyword",
  },
}
`;
