// Jest Snapshot v1, https://goo.gl/fbAQLP

exports[`jats export latest version: jats-export 1`] = `
"<!DOCTYPE article PUBLIC \\"-//NLM//DTD JATS (Z39.96) Journal Archiving and Interchange DTD with OASIS Tables with MathML3 v1.2 20190208//EN\\" \\"http://jats.nlm.nih.gov/archiving/1.2/JATS-archive-oasis-article1-mathml3.dtd\\"><article xmlns:xlink=\\"http://www.w3.org/1999/xlink\\"><front><journal-meta><journal-id journal-id-type=\\"publisher-id\\"/><journal-title-group><journal-title/></journal-title-group><issn pub-type=\\"epub\\"/></journal-meta><article-meta><title-group><article-title>Example Manuscript</article-title></title-group><contrib-group content-type=\\"authors\\"><contrib contrib-type=\\"author\\" id=\\"MPContributor_585DB23A-8778-4AFF-986F-CFF7B733CDE6\\"><name><surname>Author</surname><given-names>Example</given-names></name><email>user@example.com</email><xref ref-type=\\"aff\\" rid=\\"MPAffiliation_DED56C09-42E2-4AB4-BA15-9260389E2B08\\"/></contrib><contrib contrib-type=\\"author\\" id=\\"MPContributor_8AD5903E-0C9C-4F46-87AE-124142CE12C2\\" corresp=\\"yes\\"><name><surname>Author</surname><given-names>Corresponding</given-names></name><email>author@example.com</email></contrib></contrib-group><aff id=\\"MPAffiliation_DED56C09-42E2-4AB4-BA15-9260389E2B08\\"><institution>University of Examples</institution><country>United Kingdom</country></aff></article-meta></front><body><sec id=\\"MPSection_DFCBE345-A12D-451E-8320-723F25D2F472\\"><title>Table of Contents</title><div id=\\"MPTOCElement_657C54DB-78B5-4206-E322-170F68263A01\\"/></sec><sec id=\\"MPSection_77786D47-6060-4FBC-BC13-5FA754968D6A\\"><title>First section</title><p id=\\"MPParagraphElement_150780D7-CFED-4529-9398-77B5C7625044\\">The first section.</p><p id=\\"MPParagraphElement_60C13548-23C0-4348-FE98-0510E0B61B18\\">The text in this sentence is <bold>bold</bold>, <italic>italic</italic>, or <underline>underlined</underline>.</p><p id=\\"MPParagraphElement_A89DC62A-90ED-4283-AB6D-06CA2519D801\\"><bold><italic><underline>The text in this sentence is bold, italic and underlined.</underline></italic></bold></p><p id=\\"MPParagraphElement_05A0ED43-8928-4C69-A17C-0A98795001CD\\">The text in this sentence is <sup>superscript</sup> and <sub>subscript</sub>.</p></sec><sec id=\\"MPSection_F8EE617B-484B-4CF2-F1CA-014F5307D5CF\\"><title>Section Two</title><p id=\\"MPParagraphElement_4DF93A63-D44D-41CF-AF54-23712B8703FA\\">The heading of this section is hidden.</p><list list-type=\\"ordered\\"><list-item><p>A numbered list.</p></list-item></list><list list-type=\\"bullet\\"><list-item><p>A bullet list.</p></list-item></list><list list-type=\\"ordered\\"><list-item><p>A numbered list with a nested list.</p><list list-type=\\"ordered\\"><list-item><p>This item is nested.</p></list-item></list></list-item></list><fig-group id=\\"MPFigureElement_A5D68C57-B5BB-4D10-E0C3-ECED717A2AA7\\"><caption><p>A figure with a caption</p></caption><fig id=\\"MPFigure_D673DF08-D75E-4061-8EC1-9611EAB302F0\\"><caption><p/></caption><graphic xlink:href=\\"Data/MPFigure_D673DF08-D75E-4061-8EC1-9611EAB302F0.png\\" mimetype=\\"image\\" mime-subtype=\\"png\\"/></fig></fig-group><fig-group id=\\"MPFigureElement_B32BDEC8-E816-4946-C0BB-0404AF2F0C29\\"><caption><p>A figure with hidden caption</p></caption><fig id=\\"MPFigure_AD65D628-A904-4DC4-A026-F8F4C08F6557\\"><caption><p/></caption><graphic xlink:href=\\"Data/MPFigure_AD65D628-A904-4DC4-A026-F8F4C08F6557.png\\" mimetype=\\"image\\" mime-subtype=\\"png\\"/></fig></fig-group><table-wrap id=\\"MPTableElement_82BD8BAF-D136-4536-AD9C-92C30B9D7315\\"><caption><p>A table</p></caption><table id=\\"MPTable_509A944E-994C-4867-AE55-593628C5DBD5\\"><tr><td>Table Header</td><td>Table Header</td></tr><tr><td>Table Data</td><td>Table Data</td></tr><tr><td>Table Data</td><td>Table Data</td></tr><tr><td>Table Footer</td><td>Table Footer</td></tr></table></table-wrap><table-wrap id=\\"MPTableElement_E0D445B4-18C4-43D3-97B3-1076A7BB5CF4\\"><caption><p>A table with hidden header</p></caption><table id=\\"MPTable_7E83812B-A759-4D38-C1C5-F6507D2FC2A9\\"><tr><td>Table Header</td><td/></tr><tr><td/><td/></tr><tr><td/><td/></tr><tr><td/><td/></tr></table></table-wrap><table-wrap id=\\"MPTableElement_1DF69096-DBA3-47B0-B8C2-E06491E4C655\\"><caption><p>A table with hidden footer</p></caption><table id=\\"MPTable_2A2413E2-71F5-4B6C-F513-7B44748E49A8\\"><tr><td/><td/></tr><tr><td/><td/></tr><tr><td/><td/></tr><tr><td/><td/></tr></table></table-wrap><table-wrap id=\\"MPTableElement_89CF51B2-A20C-4AB9-CBD9-F47DAF167DAA\\"><caption><p>A table with hidden caption</p></caption><table id=\\"MPTable_6C045963-404A-4E1E-FF81-B40E9772A6A6\\"><tr><td/><td/></tr><tr><td/><td/></tr><tr><td/><td/></tr><tr><td/><td/></tr></table></table-wrap><fig id=\\"MPEquationElement_3896A81A-D43B-483F-B990-F64518A940D1\\"><caption><p/></caption><disp-formula><tex-math>2x3=6</tex-math></disp-formula></fig><fig id=\\"MPListingElement_160785A9-4BC0-4C55-C4DE-AF5F4D858DCE\\"><caption><p/></caption><code id=\\"MPListing_4D688DCF-29CD-40CC-93BD-2B13CD883257\\" language=\\"javascript\\">// a JavaScript code block

const x = 'y'</code></fig><p id=\\"MPParagraphElement_345B8B57-2E5E-45ED-E587-4EAAC2BD63E9\\">An inline equation: <inline-formula><tex-math>3+5=8</tex-math></inline-formula></p><p id=\\"MPParagraphElement_6B6DBF43-F7B2-404C-89DD-0EC1E1442B27\\">A cross-reference to a figure: <xref ref-type=\\"fig\\" rid=\\"MPAuxiliaryObjectReference_82E2F9F9-797F-4397-9084-D98B72C12903\\">Figure 1</xref></p><p id=\\"MPParagraphElement_41B99DAB-F86C-477F-D36C-2B8590B5DAD0\\">A cross-reference to a table: <xref ref-type=\\"fig\\" rid=\\"MPAuxiliaryObjectReference_88AF1DCA-B232-4791-8EAA-F38E0025A3C6\\">Table 1</xref></p><p id=\\"MPParagraphElement_C8A173A4-DF32-4242-E800-28A1AE5B48B8\\">A cross-reference to an equation: <xref ref-type=\\"fig\\" rid=\\"MPAuxiliaryObjectReference_461D1AFF-1871-4594-8E07-963D3476B7F5\\">Equation 1</xref></p><p id=\\"MPParagraphElement_CB7347E5-8502-4667-82B9-51104BB1FEDB\\"><xref ref-type=\\"bibr\\" rid=\\"MPBibliographyItem_8C394C86-F7B0-48CE-D5BC-E7A10FCE7FA5\\">A hyperlink</xref></p><p id=\\"MPParagraphElement_3708E8C7-441C-4502-8BFC-D3A2059CEF8B\\">A footnote:<xref ref-type=\\"fn\\" rid=\\"MPFootnote_B1589279-0F3B-472B-BF11-3F59D6B65791\\">1</xref></p><fn-group id=\\"MPFootnotesElement_4CD7CE08-0880-46BD-FF83-52E32AEFAC3E\\"/></sec></body><back><ref-list id=\\"MPSection_E07B0D52-9642-4D58-E577-26F8804E3DEE\\"><title>Bibliography</title><ref id=\\"MPBibliographyItem_8C394C86-F7B0-48CE-D5BC-E7A10FCE7FA5\\"><element-citation publication-type=\\"journal\\"><article-title>A hyperlink</article-title></element-citation></ref></ref-list></back></article>"
`;

exports[`jats export v1.1: jats-export-1.1 1`] = `
"<!DOCTYPE article PUBLIC \\"-//NLM//DTD JATS (Z39.96) Journal Archiving and Interchange DTD with OASIS Tables with MathML3 v1.1 20151215//EN\\" \\"http://jats.nlm.nih.gov/archiving/1.1/JATS-archive-oasis-article1-mathml3.dtd\\"><article xmlns:xlink=\\"http://www.w3.org/1999/xlink\\"><front><journal-meta><journal-id journal-id-type=\\"publisher-id\\"/><journal-title-group><journal-title/></journal-title-group><issn pub-type=\\"epub\\"/></journal-meta><article-meta><title-group><article-title>Example Manuscript</article-title></title-group><contrib-group content-type=\\"authors\\"><contrib contrib-type=\\"author\\" id=\\"MPContributor_585DB23A-8778-4AFF-986F-CFF7B733CDE6\\"><name><surname>Author</surname><given-names>Example</given-names></name><email>user@example.com</email><xref ref-type=\\"aff\\" rid=\\"MPAffiliation_DED56C09-42E2-4AB4-BA15-9260389E2B08\\"/></contrib><contrib contrib-type=\\"author\\" id=\\"MPContributor_8AD5903E-0C9C-4F46-87AE-124142CE12C2\\" corresp=\\"yes\\"><name><surname>Author</surname><given-names>Corresponding</given-names></name><email>author@example.com</email></contrib></contrib-group><aff id=\\"MPAffiliation_DED56C09-42E2-4AB4-BA15-9260389E2B08\\"><institution>University of Examples</institution><country>United Kingdom</country></aff></article-meta></front><body><sec id=\\"MPSection_DFCBE345-A12D-451E-8320-723F25D2F472\\"><title>Table of Contents</title><div id=\\"MPTOCElement_657C54DB-78B5-4206-E322-170F68263A01\\"/></sec><sec id=\\"MPSection_77786D47-6060-4FBC-BC13-5FA754968D6A\\"><title>First section</title><p id=\\"MPParagraphElement_150780D7-CFED-4529-9398-77B5C7625044\\">The first section.</p><p id=\\"MPParagraphElement_60C13548-23C0-4348-FE98-0510E0B61B18\\">The text in this sentence is <bold>bold</bold>, <italic>italic</italic>, or <underline>underlined</underline>.</p><p id=\\"MPParagraphElement_A89DC62A-90ED-4283-AB6D-06CA2519D801\\"><bold><italic><underline>The text in this sentence is bold, italic and underlined.</underline></italic></bold></p><p id=\\"MPParagraphElement_05A0ED43-8928-4C69-A17C-0A98795001CD\\">The text in this sentence is <sup>superscript</sup> and <sub>subscript</sub>.</p></sec><sec id=\\"MPSection_F8EE617B-484B-4CF2-F1CA-014F5307D5CF\\"><title>Section Two</title><p id=\\"MPParagraphElement_4DF93A63-D44D-41CF-AF54-23712B8703FA\\">The heading of this section is hidden.</p><list list-type=\\"ordered\\"><list-item><p>A numbered list.</p></list-item></list><list list-type=\\"bullet\\"><list-item><p>A bullet list.</p></list-item></list><list list-type=\\"ordered\\"><list-item><p>A numbered list with a nested list.</p><list list-type=\\"ordered\\"><list-item><p>This item is nested.</p></list-item></list></list-item></list><fig-group id=\\"MPFigureElement_A5D68C57-B5BB-4D10-E0C3-ECED717A2AA7\\"><caption><p>A figure with a caption</p></caption><fig id=\\"MPFigure_D673DF08-D75E-4061-8EC1-9611EAB302F0\\"><caption><p/></caption><graphic xlink:href=\\"Data/MPFigure_D673DF08-D75E-4061-8EC1-9611EAB302F0.png\\" mimetype=\\"image\\" mime-subtype=\\"png\\"/></fig></fig-group><fig-group id=\\"MPFigureElement_B32BDEC8-E816-4946-C0BB-0404AF2F0C29\\"><caption><p>A figure with hidden caption</p></caption><fig id=\\"MPFigure_AD65D628-A904-4DC4-A026-F8F4C08F6557\\"><caption><p/></caption><graphic xlink:href=\\"Data/MPFigure_AD65D628-A904-4DC4-A026-F8F4C08F6557.png\\" mimetype=\\"image\\" mime-subtype=\\"png\\"/></fig></fig-group><table-wrap id=\\"MPTableElement_82BD8BAF-D136-4536-AD9C-92C30B9D7315\\"><caption><p>A table</p></caption><table id=\\"MPTable_509A944E-994C-4867-AE55-593628C5DBD5\\"><tr><td>Table Header</td><td>Table Header</td></tr><tr><td>Table Data</td><td>Table Data</td></tr><tr><td>Table Data</td><td>Table Data</td></tr><tr><td>Table Footer</td><td>Table Footer</td></tr></table></table-wrap><table-wrap id=\\"MPTableElement_E0D445B4-18C4-43D3-97B3-1076A7BB5CF4\\"><caption><p>A table with hidden header</p></caption><table id=\\"MPTable_7E83812B-A759-4D38-C1C5-F6507D2FC2A9\\"><tr><td>Table Header</td><td/></tr><tr><td/><td/></tr><tr><td/><td/></tr><tr><td/><td/></tr></table></table-wrap><table-wrap id=\\"MPTableElement_1DF69096-DBA3-47B0-B8C2-E06491E4C655\\"><caption><p>A table with hidden footer</p></caption><table id=\\"MPTable_2A2413E2-71F5-4B6C-F513-7B44748E49A8\\"><tr><td/><td/></tr><tr><td/><td/></tr><tr><td/><td/></tr><tr><td/><td/></tr></table></table-wrap><table-wrap id=\\"MPTableElement_89CF51B2-A20C-4AB9-CBD9-F47DAF167DAA\\"><caption><p>A table with hidden caption</p></caption><table id=\\"MPTable_6C045963-404A-4E1E-FF81-B40E9772A6A6\\"><tr><td/><td/></tr><tr><td/><td/></tr><tr><td/><td/></tr><tr><td/><td/></tr></table></table-wrap><fig id=\\"MPEquationElement_3896A81A-D43B-483F-B990-F64518A940D1\\"><caption><p/></caption><disp-formula><tex-math>2x3=6</tex-math></disp-formula></fig><fig id=\\"MPListingElement_160785A9-4BC0-4C55-C4DE-AF5F4D858DCE\\"><caption><p/></caption><code id=\\"MPListing_4D688DCF-29CD-40CC-93BD-2B13CD883257\\" language=\\"javascript\\">// a JavaScript code block

const x = 'y'</code></fig><p id=\\"MPParagraphElement_345B8B57-2E5E-45ED-E587-4EAAC2BD63E9\\">An inline equation: <inline-formula><tex-math>3+5=8</tex-math></inline-formula></p><p id=\\"MPParagraphElement_6B6DBF43-F7B2-404C-89DD-0EC1E1442B27\\">A cross-reference to a figure: <xref ref-type=\\"fig\\" rid=\\"MPAuxiliaryObjectReference_82E2F9F9-797F-4397-9084-D98B72C12903\\">Figure 1</xref></p><p id=\\"MPParagraphElement_41B99DAB-F86C-477F-D36C-2B8590B5DAD0\\">A cross-reference to a table: <xref ref-type=\\"fig\\" rid=\\"MPAuxiliaryObjectReference_88AF1DCA-B232-4791-8EAA-F38E0025A3C6\\">Table 1</xref></p><p id=\\"MPParagraphElement_C8A173A4-DF32-4242-E800-28A1AE5B48B8\\">A cross-reference to an equation: <xref ref-type=\\"fig\\" rid=\\"MPAuxiliaryObjectReference_461D1AFF-1871-4594-8E07-963D3476B7F5\\">Equation 1</xref></p><p id=\\"MPParagraphElement_CB7347E5-8502-4667-82B9-51104BB1FEDB\\"><xref ref-type=\\"bibr\\" rid=\\"MPBibliographyItem_8C394C86-F7B0-48CE-D5BC-E7A10FCE7FA5\\">A hyperlink</xref></p><p id=\\"MPParagraphElement_3708E8C7-441C-4502-8BFC-D3A2059CEF8B\\">A footnote:<xref ref-type=\\"fn\\" rid=\\"MPFootnote_B1589279-0F3B-472B-BF11-3F59D6B65791\\">1</xref></p><fn-group id=\\"MPFootnotesElement_4CD7CE08-0880-46BD-FF83-52E32AEFAC3E\\"/></sec></body><back><ref-list id=\\"MPSection_E07B0D52-9642-4D58-E577-26F8804E3DEE\\"><title>Bibliography</title><ref id=\\"MPBibliographyItem_8C394C86-F7B0-48CE-D5BC-E7A10FCE7FA5\\"><element-citation publication-type=\\"journal\\"><article-title>A hyperlink</article-title></element-citation></ref></ref-list></back></article>"
`;
